// Jest Snapshot v1, https://goo.gl/fbAQLP

exports[`Feedback should match the snapshot 1`] = `ShallowWrapper {}`;
