// Jest Snapshot v1, https://goo.gl/fbAQLP

exports[`LoginForm should match the snapshot 1`] = `ShallowWrapper {}`;
