// Jest Snapshot v1, https://goo.gl/fbAQLP

exports[`TripCard should match the snapshot 1`] = `ShallowWrapper {}`;
